2026-09-01 07:18 | (peticion ilegible) | FRENO | Expecting value: line 1 column 1 (char 0)
2026-09-01 07:18 | (peticion ilegible) | FRENO | Expecting value: line 1 column 1 (char 0)
2026-09-01 07:18 | C:\Users\USER\AppData\Local\Temp\pytest-of-USER\pytest-1719\test_crear_un_archivo_de_codig0\pieza_nueva.py | FRENO | crear codigo nuevo sin veredicto del equipo
2026-09-01 07:18 | C:\Users\USER\AppData\Local\Temp\pytest-of-USER\pytest-1719\test_una_vigia_nueva_SI_se_pue0\test_vigia_algo.py | DEJO PASAR | vigia nueva de verdad
2026-09-01 07:18 | C:\Users\USER\AppData\Local\Temp\pytest-of-USER\pytest-1719\test_no_basta_con_LLAMARSE_vig0\test_vigia_disfraz.py | FRENO | crear codigo nuevo sin veredicto del equipo
2026-09-01 07:18 | C:\Users\USER\AppData\Local\Temp\pytest-of-USER\pytest-1719\test_sin_contenido_no_se_regal0\test_vigia_sin_cuerpo.py | FRENO | crear codigo nuevo sin veredicto del equipo
2026-09-01 07:18 | C:\Users\USER\AppData\Local\Temp\pytest-of-USER\pytest-1719\test_los_documentos_siguen_lib0\CONTRATO_LO_QUE_SEA.md | FRENO | documento libre
2026-09-01 07:18 | C:\Ingeniero_VUC\arnes\candado_equipo.py | DEJO PASAR | es el propio arnes
2026-09-01 07:18 | C:\Users\USER\AppData\Local\Temp\pytest-of-USER\pytest-1719\test_un_RECHAZADO_sigue_sin_ab0\ya_existe.py | FRENO | el veredicto vigente no habla de este archivo
2026-09-01 07:18 | C:\Users\USER\AppData\Local\Temp\pytest-of-USER\pytest-1719\test_el_candado_apunta_tambien0\UN_DOCUMENTO.md | FRENO | documento libre
2026-09-01 07:18 | C:\Users\USER\AppData\Local\Temp\pytest-of-USER\pytest-1719\test_el_registro_dice_POR_QUE0\OTRO_DOCUMENTO.md | FRENO | documento libre
2026-09-01 07:19 | C:\Users\USER\dev\Foto_info_repo\Foto_informe--main\app.py | FRENO | sin veredicto del equipo
2026-09-01 07:19 | C:\Users\USER\dev\Foto_info_repo\Foto_informe--main\app.py | FRENO | veredicto del equipo cubre el archivo
2026-09-01 07:19 | C:\Users\USER\dev\Asesor Marketing\cuerpo\precios.py | FRENO | el veredicto vigente no habla de este archivo
2026-09-01 07:19 | (peticion ilegible) | FRENO | Expecting value: line 1 column 1 (char 0)
2026-09-01 07:19 | (peticion ilegible) | FRENO | Expecting value: line 1 column 1 (char 0)
2026-09-01 07:19 | C:\Users\USER\AppData\Local\Temp\pytest-of-USER\pytest-1720\test_crear_un_archivo_de_codig0\pieza_nueva.py | FRENO | crear codigo nuevo sin veredicto del equipo
2026-09-01 07:19 | C:\Users\USER\AppData\Local\Temp\pytest-of-USER\pytest-1720\test_una_vigia_nueva_SI_se_pue0\test_vigia_algo.py | DEJO PASAR | vigia nueva de verdad
2026-09-01 07:19 | C:\Users\USER\AppData\Local\Temp\pytest-of-USER\pytest-1720\test_no_basta_con_LLAMARSE_vig0\test_vigia_disfraz.py | FRENO | crear codigo nuevo sin veredicto del equipo
2026-09-01 07:19 | C:\Users\USER\AppData\Local\Temp\pytest-of-USER\pytest-1720\test_sin_contenido_no_se_regal0\test_vigia_sin_cuerpo.py | FRENO | crear codigo nuevo sin veredicto del equipo
2026-09-01 07:19 | C:\Users\USER\AppData\Local\Temp\pytest-of-USER\pytest-1720\test_los_documentos_siguen_lib0\CONTRATO_LO_QUE_SEA.md | FRENO | documento libre
2026-09-01 07:19 | C:\Ingeniero_VUC\arnes\candado_equipo.py | DEJO PASAR | es el propio arnes
2026-09-01 07:19 | C:\Users\USER\AppData\Local\Temp\pytest-of-USER\pytest-1720\test_un_RECHAZADO_sigue_sin_ab0\ya_existe.py | FRENO | el veredicto vigente no habla de este archivo
2026-09-01 07:19 | C:\Users\USER\AppData\Local\Temp\pytest-of-USER\pytest-1720\test_el_candado_apunta_tambien0\UN_DOCUMENTO.md | FRENO | documento libre
2026-09-01 07:19 | C:\Users\USER\AppData\Local\Temp\pytest-of-USER\pytest-1720\test_el_registro_dice_POR_QUE0\OTRO_DOCUMENTO.md | FRENO | documento libre
2026-09-01 07:19 | C:\Users\USER\AppData\Local\Temp\pytest-of-USER\pytest-1720\test_frena_escribir_codigo_sin0\algo.py | FRENO | sin veredicto del equipo
2026-09-01 07:19 | C:\Users\USER\AppData\Local\Temp\pytest-of-USER\pytest-1720\test_el_aviso_dice_como_arregl0\algo.py | FRENO | sin veredicto del equipo
2026-09-01 07:19 | C:\Users\USER\AppData\Local\Temp\pytest-of-USER\pytest-1720\test_con_veredicto_del_equipo_0\algo.py | FRENO | veredicto del equipo cubre el archivo
2026-09-01 07:19 | C:\Users\USER\AppData\Local\Temp\pytest-of-USER\pytest-1720\test_un_veredicto_de_OTRA_cosa0\algo.py | FRENO | el veredicto vigente no habla de este archivo
2026-09-01 07:19 | C:\Users\USER\AppData\Local\Temp\pytest-of-USER\pytest-1720\test_un_veredicto_viejo_ya_no_0\algo.py | FRENO | sin veredicto del equipo
2026-09-01 07:19 | C:\Users\USER\AppData\Local\Temp\pytest-of-USER\pytest-1720\test_un_SIN_AUDITAR_no_abre0\algo.py | FRENO | el veredicto vigente no habla de este archivo
2026-09-01 07:19 | C:\Users\USER\AppData\Local\Temp\pytest-of-USER\pytest-1720\test_un_RECHAZADO_no_abre0\algo.py | FRENO | el veredicto vigente no habla de este archivo
2026-09-01 07:19 | C:\Users\USER\AppData\Local\Temp\pytest-of-USER\pytest-1720\test_los_documentos_pasan_siem0\CONTRATO.md | FRENO | documento libre
2026-09-01 07:19 | C:\Users\USER\AppData\Local\Temp\pytest-of-USER\pytest-1720\test_un_archivo_nuevo_pasa0\todavia_no_existe.py | FRENO | crear codigo nuevo sin veredicto del equipo
2026-09-01 07:19 | C:\Ingeniero_VUC\arnes\candado_equipo.py | DEJO PASAR | es el propio arnes
2026-09-01 07:19 | C:\Users\USER\AppData\Local\Temp\pytest-of-USER\pytest-1720\test_sin_cerebros_bloquea_igua0\algo.py | FRENO | sin veredicto del equipo
2026-09-01 07:20 | C:\Users\USER\AppData\Local\Temp\pytest-of-USER\pytest-1720\test_cada_frenada_queda_apunta0\algo.py | FRENO | sin veredicto del equipo
2026-09-01 07:20 | (INGENIERO_OFF) | FRENO | interruptor encendido sin autorizacion previa de Julio
2026-09-01 07:20 | C:\Users\USER\AppData\Local\Temp\pytest-of-USER\pytest-1720\test_la_salida_de_emergencia_s0\algo.py | FRENO | sin veredicto del equipo
2026-09-01 07:20 | (llave de Julio) | DEJO PASAR | llave de Julio puesta
