2026-08-24 10:38  OK: 0 archivo(s) | 292 passed, 1 skipped in 96.14s (0:01:36)
2026-08-24 10:39  OK: 0 archivo(s) | 292 passed, 1 skipped in 59.44s
2026-08-24 10:40  FRENADO: intento de guardar llaves -> notas_secret_prueba.txt
2026-08-24 10:44  OK: 2 archivo(s) | 293 passed, 1 skipped in 82.80s (0:01:22)
2026-08-24 11:21  FRENADO: intento de guardar llaves -> CONTRATO_CREDENCIALES_PARA_PRUEBAS.md
2026-08-24 11:23  FRENADO: intento de guardar llaves -> CONTRATO_CREDENCIALES_PARA_PRUEBAS.md   (archivo de llaves)
2026-08-24 11:23  FRENADO: intento de guardar llaves -> CONTRATO_CREDENCIALES_PARA_PRUEBAS.md   (archivo de llaves), nota_prueba_guardia.md   (lleva algo con pinta de llave DENTRO)
2026-08-24 11:25  OK: 35 archivo(s) | 293 passed, 1 skipped in 81.84s (0:01:21)
2026-08-24 11:25  FRENADO: intento de guardar llaves -> nota_prueba_guardia.md   (lleva algo con pinta de llave DENTRO)
2026-08-24 11:25  OK: 35 archivo(s) | 293 passed, 1 skipped in 60.83s (0:01:00)
2026-08-24 11:26  OK: 35 archivo(s) | 293 passed, 1 skipped in 64.55s (0:01:04)
2026-08-24 11:27  OK: 35 archivo(s) | 293 passed, 1 skipped in 57.25s
2026-08-24 12:34  FRENADO: vigias rojas -> 1 failed, 299 passed, 1 skipped in 67.88s (0:01:07)
2026-08-24 12:37  OK: 6 archivo(s) | 300 passed, 1 skipped in 63.78s (0:01:03)
2026-08-24 18:16  OK: 33 archivo(s) | 321 passed, 1 skipped in 94.21s (0:01:34)
2026-08-24 18:24  OK: 10 archivo(s) | 321 passed, 1 skipped in 82.22s (0:01:22)
2026-08-24 18:26  OK: 4 archivo(s) | 321 passed, 1 skipped in 71.20s (0:01:11)
2026-08-24 19:15  OK: 26 archivo(s) | 334 passed, 1 skipped in 129.77s (0:02:09)
2026-08-24 19:21  OK: 11 archivo(s) | 336 passed, 1 skipped in 66.60s (0:01:06)
2026-08-24 19:26  OK: 8 archivo(s) | 336 passed, 1 skipped in 71.99s (0:01:11)
2026-08-24 19:27  OK: 5 archivo(s) | 336 passed, 1 skipped in 69.28s (0:01:09)
2026-08-25 08:36  OK: 10 archivo(s) | 343 passed in 76.77s (0:01:16)
2026-08-25 08:37  OK: 11 archivo(s) | 343 passed in 67.09s (0:01:07)
2026-08-25 08:39  OK: 6 archivo(s) | 343 passed in 59.38s
2026-08-25 10:44  FRENADO: vigias rojas -> 1 failed, 346 passed in 70.34s (0:01:10)
2026-08-25 11:48  OK: 18 archivo(s) | 351 passed in 67.54s (0:01:07)
2026-08-25 12:03  OK: 11 archivo(s) | 353 passed in 52.19s
2026-08-25 12:09  FRENADO: vigias rojas -> 1 failed, 355 passed in 58.53s
2026-08-25 12:12  FRENADO: vigias rojas -> 1 failed, 355 passed in 55.38s
2026-08-25 12:15  OK: 14 archivo(s) | 356 passed in 53.91s
2026-08-25 12:20  OK: 8 archivo(s) | 357 passed in 55.50s
2026-08-25 12:23  OK: 9 archivo(s) | 357 passed in 58.60s
2026-08-25 13:13  OK: 33 archivo(s) | 357 passed in 85.50s (0:01:25)
2026-08-25 13:22  FRENADO: vigias rojas -> 2 failed, 360 passed in 58.90s
2026-08-25 13:31  FRENADO: vigias rojas -> 2 failed, 360 passed in 92.54s (0:01:32)
2026-08-25 13:35  FRENADO: vigias rojas -> 2 failed, 360 passed in 70.10s (0:01:10)
2026-08-25 13:40  OK: 26 archivo(s) | 361 passed, 1 skipped in 58.47s
2026-08-25 15:14  OK: 28 archivo(s) | 363 passed, 1 skipped, 2 xfailed in 98.68s (0:01:38)
2026-08-25 15:17  FRENADO: vigias rojas -> 2 failed, 361 passed, 1 skipped, 2 xfailed in 85.16s (0:01:25)
2026-08-25 15:18  FRENADO: vigias rojas -> 2 failed, 361 passed, 1 skipped, 2 xfailed in 79.25s (0:01:19)
2026-08-25 15:20  FRENADO: vigias rojas -> 1 failed, 362 passed, 1 skipped, 2 xfailed in 74.94s (0:01:14)
2026-08-25 15:26  OK: 16 archivo(s) | 363 passed, 1 skipped, 2 xfailed in 136.51s (0:02:16)
2026-08-25 17:23  FRENADO: vigias rojas -> .....
2026-08-25 17:25  OK: 16 archivo(s) | 364 passed, 2 xfailed in 94.45s (0:01:34)
2026-08-25 17:25  OK: 16 archivo(s) | 364 passed, 2 xfailed in 96.21s (0:01:36)
2026-08-25 17:25  OK: 16 archivo(s) | 363 passed, 1 skipped, 2 xfailed in 74.65s (0:01:14)
2026-08-25 17:54  OK: 24 archivo(s) | 364 passed, 1 skipped, 2 xfailed in 110.52s (0:01:50)
2026-08-25 17:56  OK: 24 archivo(s) | 364 passed, 1 skipped, 2 xfailed in 137.72s (0:02:17)
2026-08-25 19:33  OK: 6 archivo(s) | 368 passed, 2 xfailed in 78.82s (0:01:18)
2026-08-25 22:13  OK: 25 archivo(s) | 368 passed, 2 xfailed in 97.85s (0:01:37)
2026-08-25 22:13  OK: 25 archivo(s) | 367 passed, 1 skipped, 2 xfailed in 72.05s (0:01:12)
2026-08-25 22:15  OK: 1 archivo(s) | 367 passed, 1 skipped, 2 xfailed in 48.23s
2026-08-25 22:43  OK: 3 archivo(s) | 378 passed, 1 skipped, 2 xfailed in 55.60s
2026-08-25 22:48  OK: 24 archivo(s) | 372 passed, 1 skipped, 2 xfailed in 95.73s (0:01:35)
2026-08-25 22:49  OK: 11 archivo(s) | 372 passed, 1 skipped, 2 xfailed in 62.51s (0:01:02)
2026-08-25 23:04  OK: 25 archivo(s) | 383 passed, 1 skipped, 3 xfailed in 55.43s
2026-08-25 23:12  OK: 15 archivo(s) | 383 passed, 1 skipped, 3 xfailed in 120.65s (0:02:00)
2026-08-25 23:13  OK: 17 archivo(s) | 384 passed, 1 skipped, 2 xfailed in 69.35s (0:01:09)
2026-08-25 23:17  OK: 13 archivo(s) | 384 passed, 1 skipped, 2 xfailed in 59.44s
2026-08-25 23:18  OK: 12 archivo(s) | 384 passed, 1 skipped, 2 xfailed in 56.85s
2026-08-25 23:33  OK: 4 archivo(s) | 390 passed, 1 skipped in 53.79s
