2026-08-21 19:45  c:\Ingeniero_VUC\cuerpo\obrero.py  (el veredicto vigente no habla de este archivo)
2026-08-21 19:46  c:\Ingeniero_VUC\cuerpo\obrero.py  (el veredicto vigente no habla de este archivo)
2026-08-21 20:00  c:\Ingeniero_VUC\vigias\test_vigia_fallos_de_verdad_avisan.py  (el veredicto vigente no habla de este archivo)
2026-08-21 20:44  C:\Users\USER\dev\Foto_info_repo\Foto_informe--main\rv3_prueba_real_velocidad.py  (el veredicto vigente no habla de este archivo)
2026-08-24 06:50  C:\Users\USER\dev\Asesor Marketing\cuerpo\precios.py  (sin veredicto del equipo)
2026-08-24 06:52  C:\Users\USER\dev\Asesor Marketing\cuerpo\precios.py  (sin veredicto del equipo)
2026-08-24 06:53  C:\Users\USER\dev\Asesor Marketing\cuerpo\precios.py  (sin veredicto del equipo)
2026-08-24 06:57  C:\Users\USER\dev\Asesor Marketing\cuerpo\precios.py  (sin veredicto del equipo)
2026-08-24 06:59  C:\Users\USER\dev\Asesor Marketing\cuerpo\precios.py  (sin veredicto del equipo)
2026-08-24 07:10  C:\Users\USER\dev\Asesor Marketing\cuerpo\precios.py  (sin veredicto del equipo)
2026-08-24 07:11  C:\Users\USER\dev\Asesor Marketing\cuerpo\precios.py  (sin veredicto del equipo)
2026-08-24 07:15  C:\Users\USER\dev\Asesor Marketing\cuerpo\precios.py  (el veredicto vigente no habla de este archivo)
2026-08-24 07:16  C:\Users\USER\dev\Asesor Marketing\cuerpo\precios.py  (el veredicto vigente no habla de este archivo)
2026-08-24 07:47  C:\Users\USER\dev\Asesor Marketing\cuerpo\precios.py  (el veredicto vigente no habla de este archivo)
2026-08-24 07:48  C:\Users\USER\dev\Asesor Marketing\cuerpo\precios.py  (el veredicto vigente no habla de este archivo)
2026-08-24 08:14  C:\Users\USER\dev\Asesor Marketing\cuerpo\precios.py  (el veredicto vigente no habla de este archivo)
2026-08-24 08:21  C:\Users\USER\dev\Asesor Marketing\cuerpo\precios.py  (el veredicto vigente no habla de este archivo)
2026-08-24 08:30  C:\Users\USER\dev\Asesor Marketing\cuerpo\precios.py  (el veredicto vigente no habla de este archivo)
2026-08-24 08:31  C:\Users\USER\dev\Asesor Marketing\cuerpo\precios.py  (el veredicto vigente no habla de este archivo)
2026-08-24 08:32  C:\Users\USER\dev\Asesor Marketing\cuerpo\precios.py  (el veredicto vigente no habla de este archivo)
2026-08-24 08:38  C:\Users\USER\dev\Asesor Marketing\cuerpo\precios.py  (el veredicto vigente no habla de este archivo)
2026-08-24 08:40  C:\Users\USER\dev\Asesor Marketing\cuerpo\precios.py  (el veredicto vigente no habla de este archivo)
2026-08-24 08:41  C:\Users\USER\dev\Asesor Marketing\cuerpo\precios.py  (el veredicto vigente no habla de este archivo)
2026-08-24 08:45  C:\Users\USER\dev\Foto_info_repo\Foto_informe--main\rv3_prueba_real_velocidad.py  (sin veredicto del equipo)
2026-08-24 08:45  C:\Users\USER\dev\Foto_info_repo\Foto_informe--main\rv3_prueba_real_velocidad.py  (sin veredicto del equipo)
2026-08-24 08:46  C:\Users\USER\dev\Foto_info_repo\Foto_informe--main\rv3_prueba_real_velocidad.py  (sin veredicto del equipo)
2026-08-24 08:51  C:\Users\USER\dev\Asesor Marketing\cuerpo\precios.py  (el veredicto vigente no habla de este archivo)
2026-08-24 08:54  C:\Users\USER\dev\Asesor Marketing\cuerpo\precios.py  (el veredicto vigente no habla de este archivo)
2026-08-24 08:56  C:\Users\USER\dev\Asesor Marketing\cuerpo\precios.py  (el veredicto vigente no habla de este archivo)
2026-08-24 08:57  C:\Users\USER\dev\Asesor Marketing\cuerpo\precios.py  (el veredicto vigente no habla de este archivo)
2026-08-24 08:59  C:\Users\USER\dev\Asesor Marketing\cuerpo\precios.py  (el veredicto vigente no habla de este archivo)
2026-08-24 09:02  C:\Users\USER\dev\Asesor Marketing\cuerpo\precios.py  (el veredicto vigente no habla de este archivo)
2026-08-24 09:31  C:\Users\USER\dev\Asesor Marketing\cuerpo\precios.py  (el veredicto vigente no habla de este archivo)
2026-08-24 10:12  C:\Users\USER\dev\Foto_info_repo\Foto_informe--main\rv3_prueba_real_velocidad.py  (el veredicto vigente no habla de este archivo)
2026-08-24 10:12  C:\Users\USER\dev\Foto_info_repo\Foto_informe--main\rv3_prueba_real_velocidad.py  (el veredicto vigente no habla de este archivo)
2026-08-24 10:21  C:\Users\USER\dev\Asesor Marketing\cuerpo\precios.py  (el veredicto vigente no habla de este archivo)
2026-08-24 10:23  C:\Users\USER\dev\Asesor Marketing\cuerpo\precios.py  (el veredicto vigente no habla de este archivo)
2026-08-24 10:37  C:\Users\USER\dev\Asesor Marketing\cuerpo\precios.py  (el veredicto vigente no habla de este archivo)
2026-08-24 10:39  C:\Users\USER\dev\Asesor Marketing\cuerpo\precios.py  (el veredicto vigente no habla de este archivo)
2026-08-24 10:43  C:\Users\USER\dev\Asesor Marketing\cuerpo\precios.py  (el veredicto vigente no habla de este archivo)
2026-08-24 10:43  C:\Users\USER\dev\Asesor Marketing\cuerpo\precios.py  (el veredicto vigente no habla de este archivo)
2026-08-24 10:46  C:\Users\USER\dev\Asesor Marketing\cuerpo\precios.py  (el veredicto vigente no habla de este archivo)
2026-08-24 10:52  C:\Users\USER\dev\Asesor Marketing\cuerpo\precios.py  (el veredicto vigente no habla de este archivo)
2026-08-24 11:03  C:\Users\USER\dev\Asesor Marketing\cuerpo\precios.py  (el veredicto vigente no habla de este archivo)
2026-08-24 11:24  C:\Users\USER\dev\Asesor Marketing\cuerpo\precios.py  (el veredicto vigente no habla de este archivo)
2026-08-24 11:25  C:\Users\USER\dev\Asesor Marketing\cuerpo\precios.py  (el veredicto vigente no habla de este archivo)
